Traceback (most recent call last):
  File "C:\Users\avtob\Documents\GitHub\discrete-event-sim-book\.venv\lib\site-packages\jupyter_cache\executors\utils.py", line 58, in single_nb_execution
    executenb(
  File "C:\Users\avtob\Documents\GitHub\discrete-event-sim-book\.venv\lib\site-packages\nbclient\client.py", line 1314, in execute
    return NotebookClient(nb=nb, resources=resources, km=km, **kwargs).execute()
  File "C:\Users\avtob\Documents\GitHub\discrete-event-sim-book\.venv\lib\site-packages\jupyter_core\utils\__init__.py", line 165, in wrapped
    return loop.run_until_complete(inner)
  File "C:\Users\avtob\AppData\Local\Programs\Python\Python39\lib\asyncio\base_events.py", line 647, in run_until_complete
    return future.result()
  File "C:\Users\avtob\Documents\GitHub\discrete-event-sim-book\.venv\lib\site-packages\nbclient\client.py", line 709, in async_execute
    await self.async_execute_cell(
  File "C:\Users\avtob\Documents\GitHub\discrete-event-sim-book\.venv\lib\site-packages\nbclient\client.py", line 1062, in async_execute_cell
    await self._check_raise_for_error(cell, cell_index, exec_reply)
  File "C:\Users\avtob\Documents\GitHub\discrete-event-sim-book\.venv\lib\site-packages\nbclient\client.py", line 918, in _check_raise_for_error
    raise CellExecutionError.from_cell_and_msg(cell, exec_reply_content)
nbclient.exceptions.CellExecutionError: An error occurred while executing the following cell:
------------------
env = Environment()
traj = [(env.now, *r)]
env.process(ball_motion, (env, bounds, r, v, traj))
env.run(until)
------------------


[1;31m---------------------------------------------------------------------------[0m
[1;31mNameError[0m                                 Traceback (most recent call last)
Cell [1;32mIn[4], line 1[0m
[1;32m----> 1[0m env [38;5;241m=[39m [43mEnvironment[49m[43m([49m[43m)[49m
[0;32m      2[0m traj [38;5;241m=[39m [(env[38;5;241m.[39mnow, [38;5;241m*[39mr)]
[0;32m      3[0m env[38;5;241m.[39mprocess(ball_motion, (env, bounds, r, v, traj))

Cell [1;32mIn[1], line 5[0m, in [0;36mEnvironment.__init__[1;34m(self)[0m
[0;32m      3[0m [38;5;28mself[39m[38;5;241m.[39mnow [38;5;241m=[39m [38;5;241m0[39m
[0;32m      4[0m [38;5;28mself[39m[38;5;241m.[39mprocesses [38;5;241m=[39m []
[1;32m----> 5[0m [38;5;28mself[39m[38;5;241m.[39mevents [38;5;241m=[39m [43mPriorityQueue[49m()

[1;31mNameError[0m: name 'PriorityQueue' is not defined

